// Jest Snapshot v1, https://goo.gl/fbAQLP

exports[`Aup matches snapshot with default props 1`] = `
<DocumentFragment>
  <div
    class="mod-aup"
  >
    <h1>
      aup.hi
    </h1>
    <p
      class=""
    >
      aup.disclaimer
    </p>
    <div
      class="terms"
    >
      <div
        class="sds--checkbox-container sds--tooltip-parent checkbox "
      >
        <input
          id="aup"
          type="checkbox"
        />
        <label
          for="aup"
        >
          <span
            class="sds--checkbox--visual"
          >
            <svg
              height="11.9"
              viewBox="0 0 13.6 11.9"
              width="13.6"
              xmlns="http://www.w3.org/2000/svg"
            >
              <path
                d="m11.9.4-7 9.6-3.3-3.2c-.4-.4-1-.4-1.3 0-.4.4-.4 1 0 1.3l3.2 3.2q.6.6 1.5.6c.9 0 1.1-.3 1.4-.8l7.1-9.6c.3-.4.2-1-.2-1.3-.5-.3-1.1-.2-1.4.2"
              />
            </svg>
          </span>
          <span
            class="checkbox--text"
          >
            aup.agreeWithTerms
          </span>
        </label>
      </div>
    </div>
    <button
      class="sds--btn sds--btn--primary    "
      disabled=""
      type="button"
    >
      <span
        class="textual"
      >
        aup.onward
      </span>
    </button>
  </div>
</DocumentFragment>
`;
