// Jest Snapshot v1, https://goo.gl/fbAQLP

exports[`ServerError matches snapshot with default props 1`] = `
<DocumentFragment>
  <div
    class="mod-server-error"
  >
    <div
      class="content"
    >
      <p>
        We seem to have run into an unknown error. Sorry for that.
        <br />
        Start over on the 
        <a
          href="/"
        >
          homepage
        </a>
         or contact us at 
        <a
          href="mailto:sram-support@surf.nl"
        >
          sram-support@surf.nl
        </a>
        .
      </p>
      <svg>
        undraw_warning.svg
      </svg>
    </div>
  </div>
</DocumentFragment>
`;
