// Jest Snapshot v1, https://goo.gl/fbAQLP

exports[`ServiceRequests renders with default props 1`] = `
<DocumentFragment>
  <div
    class="sds--loading-container "
  >
    <div
      class="sds--loading"
    >
      <span
        class="sds--loading--dot"
      />
      <span
        class="sds--loading--dot"
      />
      <span
        class="sds--loading--dot"
      />
    </div>
  </div>
</DocumentFragment>
`;

exports[`ServiceRequests renders with service requests 1`] = `
<DocumentFragment>
  <div
    class="sds--loading-container "
  >
    <div
      class="sds--loading"
    >
      <span
        class="sds--loading--dot"
      />
      <span
        class="sds--loading--dot"
      />
      <span
        class="sds--loading--dot"
      />
    </div>
  </div>
</DocumentFragment>
`;
