// Jest Snapshot v1, https://goo.gl/fbAQLP

exports[`Button matches snapshot 1`] = `
<DocumentFragment>
  <button
    centralize="true"
    txt="Click me"
    type="primary"
  >
    Click me
  </button>
</DocumentFragment>
`;
