// Jest Snapshot v1, https://goo.gl/fbAQLP

exports[`CreatableField matches snapshot 1`] = `
<DocumentFragment>
  <div
    class="creatable-field "
  >
    <label />
    <div
      class="inner-creatable-field "
    >
      <textarea
        cols="1"
        id="creatable-field"
      >
        [object Object]
      </textarea>
    </div>
  </div>
</DocumentFragment>
`;
