// Jest Snapshot v1, https://goo.gl/fbAQLP

exports[`InstituteColumn matches snapshot with default props 1`] = `
<DocumentFragment>
  <div
    class="institute-column greyed"
  >
    <span />
  </div>
</DocumentFragment>
`;
