// Jest Snapshot v1, https://goo.gl/fbAQLP

exports[`Logo renders with valid src 1`] = `
<DocumentFragment>
  <img
    alt="Test Logo"
    class="test-class"
    src="data:image/jpeg;base64,valid-image.jpg"
  />
</DocumentFragment>
`;
