// Jest Snapshot v1, https://goo.gl/fbAQLP

exports[`Feedback matches snapshot with default props 1`] = `<DocumentFragment />`;
