// Jest Snapshot v1, https://goo.gl/fbAQLP

exports[`ServiceConnectionRequests matches snapshot with default props 1`] = `
<DocumentFragment>
  <div>
    <div
      class="mod-entities "
    >
      <section
        class="entities-search"
      >
        <h2>
          Connection requests (0)
        </h2>
        <div
          class="search-filters filters-with-title"
        >
          <div
            class="service-connection-request-filter"
          >
            <div
              class="service-connection-request-filter-select css-b62m3t-container"
            >
              <span
                class="css-1f43avz-a11yText-A11yText"
                id="react-select-2-live-region"
              />
              <span
                aria-atomic="false"
                aria-live="polite"
                aria-relevant="additions text"
                class="css-1f43avz-a11yText-A11yText"
                role="log"
              />
              <div
                class="filter-select__control css-13cymwt-control"
              >
                <div
                  class="filter-select__value-container filter-select__value-container--has-value css-hlgwow"
                >
                  <div
                    class="filter-select__single-value css-1dimb5e-singleValue"
                  >
                    All (0)
                  </div>
                  <input
                    aria-activedescendant=""
                    aria-autocomplete="list"
                    aria-expanded="false"
                    aria-haspopup="true"
                    aria-readonly="true"
                    class="css-1s80ejz-dummyInput-DummyInput"
                    id="react-select-2-input"
                    inputmode="none"
                    role="combobox"
                    tabindex="0"
                    value=""
                  />
                </div>
                <div
                  class="filter-select__indicators css-1wy0on6"
                >
                  <span
                    class="filter-select__indicator-separator css-1u9des2-indicatorSeparator"
                  />
                  <div
                    aria-hidden="true"
                    class="filter-select__indicator filter-select__dropdown-indicator css-1xc3v61-indicatorContainer"
                  >
                    <svg
                      aria-hidden="true"
                      class="css-tj5bde-Svg"
                      focusable="false"
                      height="20"
                      viewBox="0 0 20 20"
                      width="20"
                    >
                      <path
                        d="M4.516 7.548c0.436-0.446 1.043-0.481 1.576 0l3.908 3.747 3.908-3.747c0.533-0.481 1.141-0.446 1.574 0 0.436 0.445 0.408 1.197 0 1.615-0.406 0.418-4.695 4.502-4.695 4.502-0.217 0.223-0.502 0.335-0.787 0.335s-0.57-0.112-0.789-0.335c0 0-4.287-4.084-4.695-4.502s-0.436-1.17 0-1.615z"
                      />
                    </svg>
                  </div>
                </div>
              </div>
            </div>
          </div>
        </div>
        <div
          class="search standalone"
        >
          <div
            class="sds--text-field sds--text-field--has-icon"
          >
            <div
              class="sds--text-field--shape"
            >
              <div
                class="sds--text-field--input-and-icon"
              >
                <input
                  class="sds--text-field--input"
                  placeholder="Search for connection requests..."
                  type="search"
                  value=""
                />
                <span
                  class="sds--text-field--icon"
                >
                  <svg>
                    search.svg
                  </svg>
                </span>
              </div>
            </div>
          </div>
        </div>
      </section>
      <section
        class="entities-list"
      />
      <div />
    </div>
  </div>
</DocumentFragment>
`;
